[13:33:34] ==========================================
[13:33:34] P3-01 端侧任务领取/执行/证据回传
[13:33:34] ==========================================
[13:33:34] OUT_DIR     = /mnt/e/code/PokeClaw/artifacts/p3-01-20260607-133500-real
[13:33:34] DEVICE_ID   = pokeclaw-p3p01-20260607-133334
[13:33:34] USE_MOCK    = True
[13:33:34] BASE_URL    = http://127.0.0.1:18221
[13:33:34] PUSH_RESULT = True
[13:33:34] [1/9] start mock backend (port=18221)
[13:33:34]   -> mock pid=1704751
[13:33:34] [2/9] 设备注册 deviceId=pokeclaw-p3p01-20260607-133334
[13:33:34]   -> 01_register status=200 body_bytes=213
[13:33:34]   -> token=mock-device-token-ed3034c5
[13:33:34] [3/9] 拉取云端任务清单
[13:33:35]   -> 02_pending_tasks status=200 body_bytes=375
[13:33:35]   -> 拉取到 1 个任务，选定 534322fd-8645-439c-a9f4-ce99677e61a9
[13:33:35]   -> 指令摘要: 打开设置查看电量
[13:33:35]   -> 模拟截图已落 /mnt/e/code/PokeClaw/artifacts/p3-01-20260607-133500-real/screenshots/state_evidence.txt
[13:33:35] [5/9] 端侧 cloudnode 模拟执行
[13:33:35]   -> traceId=trace-c54d03e0 finalStatus=SUCCEEDED
[13:33:35] [6/9] 心跳一次
[13:33:35]   -> 03_heartbeat status=200 body_bytes=127
[13:33:35] [7/9] 上报 result 到云端
[13:33:35]   -> 04_submit_result status=200 body_bytes=130
[13:33:35] [8/9] 上报 experience
[13:33:35]   -> 05_submit_experience status=200 body_bytes=204
[13:33:35] [9/9] 二次拉取，验证任务已被消费/移出 pending
[13:33:35]   -> 06_pending_tasks_after status=200 body_bytes=65
[13:33:35]   -> 剩余 pending 任务数 = 0 (mock 实现不会自动从队列删除；真实后端应为 0)
[13:33:35] [门禁] 契约与一致性检查
[13:33:35]   [PASS] 契约自检 7/7 通过
[13:33:35] [门禁] SKIP_ANDROID_BUILD=1，跳过 gradle test
[13:33:35] ==========================================
[13:33:35] P3-01 完成，产物: /mnt/e/code/PokeClaw/artifacts/p3-01-20260607-133500-real
[13:33:35]   summary     -> /mnt/e/code/PokeClaw/artifacts/p3-01-20260607-133500-real/summary.md
[13:33:35]   summary.json-> /mnt/e/code/PokeClaw/artifacts/p3-01-20260607-133500-real/summary.json
[13:33:35] ==========================================
[13:33:35] [CLEANUP] 停止 mock
