============================================================
PokeClaw DYQ后端Mock服务
============================================================
端点列表:
  POST /api/claw-device/register       - 设备注册
  POST /api/claw-device/heartbeat      - 设备心跳
  GET  /api/claw-device/devices/{id}/pending-tasks - 拉取任务
  POST /api/claw-device/tasks/{uuid}/result - 上报结果
  POST /api/claw-device/experiences/report - 经验上报样本
  POST /api/claw-device/token/refresh  - 刷新令牌
  GET  /actuator/health                - 健康检查
  GET  /api/status                     - Mock状态
============================================================
监听地址: http://0.0.0.0:18410
============================================================
 * Serving Flask app 'mock-dyq-backend'
 * Debug mode: off
[31m[1mWARNING: This is a development server. Do not use it in a production deployment. Use a production WSGI server instead.[0m
 * Running on all addresses (0.0.0.0)
 * Running on http://127.0.0.1:18410
 * Running on http://172.21.182.27:18410
[33mPress CTRL+C to quit[0m
